stm32f407xx_spi_driver.c:19:6:SPI_PeriClockControl	16	static
stm32f407xx_spi_driver.c:46:6:SPI_Init	24	static
stm32f407xx_spi_driver.c:95:9:SPI_GetFlagStatus	16	static
stm32f407xx_spi_driver.c:111:6:SPI_SendData	24	static
stm32f407xx_spi_driver.c:137:6:SPI_ReceiveData	24	static
stm32f407xx_spi_driver.c:163:9:SPI_SendDataIT	32	static
stm32f407xx_spi_driver.c:184:9:SPI_ReceiveDataIT	32	static
stm32f407xx_spi_driver.c:210:6:SPI_IRQInterruptConfig	16	static
stm32f407xx_spi_driver.c:247:6:SPI_IRQPriorityConfig	24	static
stm32f407xx_spi_driver.c:260:6:SPI_IRQHandling	24	static
stm32f407xx_spi_driver.c:295:6:SPI_PeripheralControl	16	static
stm32f407xx_spi_driver.c:307:6:SPI_SSIConfig	16	static
stm32f407xx_spi_driver.c:319:6:SPI_SSOEConfig	16	static
stm32f407xx_spi_driver.c:333:13:spi_txe_interrupt_handle	16	static
stm32f407xx_spi_driver.c:365:13:spi_rxne_interrupt_handle	16	static
stm32f407xx_spi_driver.c:394:13:spi_ovr_err_interrupt_handle	24	static
stm32f407xx_spi_driver.c:409:6:SPI_CloseTransmission	16	static
stm32f407xx_spi_driver.c:417:6:SPI_CloseReception	16	static
stm32f407xx_spi_driver.c:425:6:SPI_ClearOVRFlag	24	static
stm32f407xx_spi_driver.c:434:13:SPI_ApplicationEventCallback	16	static
